[     596ms] [WARNING] Icon "alert-triangle" not found @ http://localhost:3001/dist/domma.min.js:7
[    1721ms] [WARNING] Icon "alert" not found @ http://localhost:3001/dist/domma.min.js:7
[    1794ms] [ERROR] Failed to load resource: net::ERR_CONNECTION_REFUSED @ http://localhost:3000/api/analytics/pageview:0
[    1794ms] [ERROR] [Analytics] Error tracking page view: TypeError: Failed to fetch
    at trackPageView (http://localhost:3001/assets/js/analytics.js:60:30)
    at http://localhost:3001/assets/js/analytics.js:80:5
    at http://localhost:3001/assets/js/analytics.js:91:3 @ http://localhost:3001/assets/js/analytics.js:71
[  437536ms] [WARNING] Icon "alert-triangle" not found @ http://localhost:3001/dist/domma.min.js:7
[  438152ms] [WARNING] Icon "alert" not found @ http://localhost:3001/dist/domma.min.js:7
[  438202ms] [ERROR] Failed to load resource: net::ERR_CONNECTION_REFUSED @ http://localhost:3000/api/analytics/pageview:0
[  438202ms] [ERROR] [Analytics] Error tracking page view: TypeError: Failed to fetch
    at trackPageView (http://localhost:3001/assets/js/analytics.js:60:30)
    at http://localhost:3001/assets/js/analytics.js:80:5
    at http://localhost:3001/assets/js/analytics.js:91:3 @ http://localhost:3001/assets/js/analytics.js:71
[  440242ms] [WARNING] Icon "alert-triangle" not found @ http://localhost:3001/dist/domma.min.js:7
[  440498ms] [ERROR] Failed to load template navbar: TypeError: Failed to fetch
    at Object.load (http://localhost:3001/layouts/js/modules/template-loader.js:29:36)
    at renderNavbar (http://localhost:3001/layouts/js/layout.js:798:55)
    at http://localhost:3001/layouts/js/layout.js:83:19 @ http://localhost:3001/layouts/js/modules/template-loader.js:42
[  440499ms] [ERROR] [Domma Layout] Navbar render failed: TypeError: Failed to execute 'insertBefore' on 'Node': parameter 1 is not of type 'Node'.
    at renderNavbar (http://localhost:3001/layouts/js/layout.js:805:22)
    at async http://localhost:3001/layouts/js/layout.js:83:13 @ http://localhost:3001/layouts/js/layout.js:981
[  440986ms] [WARNING] Icon "alert-triangle" not found @ http://localhost:3001/dist/domma.min.js:7
[  441453ms] [WARNING] [Domma Layout] Failed to load prependNav config: nav-elements TypeError: Failed to fetch
    at Object.loadPrependNav (http://localhost:3001/layouts/js/modules/sidebar.js:134:36)
    at Object.init (http://localhost:3001/layouts/js/modules/sidebar.js:21:43)
    at http://localhost:3001/layouts/js/layout.js:116:33 @ http://localhost:3001/layouts/js/modules/sidebar.js:159
[  441685ms] [WARNING] Icon "alert" not found @ http://localhost:3001/dist/domma.min.js:7
[  442132ms] [WARNING] Icon "alert-triangle" not found @ http://localhost:3001/dist/domma.min.js:7
[  442867ms] [WARNING] Icon "alert" not found @ http://localhost:3001/dist/domma.min.js:7
[  442908ms] [ERROR] Failed to load resource: net::ERR_CONNECTION_REFUSED @ http://localhost:3000/api/analytics/pageview:0
[  442908ms] [ERROR] [Analytics] Error tracking page view: TypeError: Failed to fetch
    at trackPageView (http://localhost:3001/assets/js/analytics.js:60:30)
    at http://localhost:3001/assets/js/analytics.js:80:5
    at http://localhost:3001/assets/js/analytics.js:91:3 @ http://localhost:3001/assets/js/analytics.js:71
[  444716ms] [WARNING] Icon "alert-triangle" not found @ http://localhost:3001/dist/domma.min.js:7
[  445163ms] [WARNING] Icon "alert" not found @ http://localhost:3001/dist/domma.min.js:7
[  445204ms] [ERROR] Failed to load resource: net::ERR_CONNECTION_REFUSED @ http://localhost:3000/api/analytics/pageview:0
[  445204ms] [ERROR] [Analytics] Error tracking page view: TypeError: Failed to fetch
    at trackPageView (http://localhost:3001/assets/js/analytics.js:60:30)
    at http://localhost:3001/assets/js/analytics.js:80:5
    at http://localhost:3001/assets/js/analytics.js:91:3 @ http://localhost:3001/assets/js/analytics.js:71
[  448160ms] [WARNING] Icon "alert-triangle" not found @ http://localhost:3001/dist/domma.min.js:7
[  448612ms] [WARNING] Icon "alert" not found @ http://localhost:3001/dist/domma.min.js:7
[  448666ms] [ERROR] Failed to load resource: net::ERR_CONNECTION_REFUSED @ http://localhost:3000/api/analytics/pageview:0
[  448666ms] [ERROR] [Analytics] Error tracking page view: TypeError: Failed to fetch
    at trackPageView (http://localhost:3001/assets/js/analytics.js:60:30)
    at http://localhost:3001/assets/js/analytics.js:80:5
    at http://localhost:3001/assets/js/analytics.js:91:3 @ http://localhost:3001/assets/js/analytics.js:71
[  450405ms] [WARNING] Icon "alert-triangle" not found @ http://localhost:3001/dist/domma.min.js:7
[  451103ms] [WARNING] Icon "alert" not found @ http://localhost:3001/dist/domma.min.js:7
[  451167ms] [ERROR] Failed to load resource: net::ERR_CONNECTION_REFUSED @ http://localhost:3000/api/analytics/pageview:0
[  451168ms] [ERROR] [Analytics] Error tracking page view: TypeError: Failed to fetch
    at trackPageView (http://localhost:3001/assets/js/analytics.js:60:30)
    at http://localhost:3001/assets/js/analytics.js:80:5
    at http://localhost:3001/assets/js/analytics.js:91:3 @ http://localhost:3001/assets/js/analytics.js:71
[  451903ms] [WARNING] Icon "alert-triangle" not found @ http://localhost:3001/dist/domma.min.js:7
[  452396ms] [WARNING] Icon "alert" not found @ http://localhost:3001/dist/domma.min.js:7
[  452713ms] [WARNING] Icon "alert-triangle" not found @ http://localhost:3001/dist/domma.min.js:7
[  453139ms] [WARNING] Icon "alert" not found @ http://localhost:3001/dist/domma.min.js:7
[  453165ms] [ERROR] Failed to load resource: net::ERR_CONNECTION_REFUSED @ http://localhost:3000/api/analytics/pageview:0
[  453165ms] [ERROR] [Analytics] Error tracking page view: TypeError: Failed to fetch
    at trackPageView (http://localhost:3001/assets/js/analytics.js:60:30)
    at http://localhost:3001/assets/js/analytics.js:80:5
    at http://localhost:3001/assets/js/analytics.js:91:3 @ http://localhost:3001/assets/js/analytics.js:71
[  454672ms] [WARNING] Icon "alert-triangle" not found @ http://localhost:3001/dist/domma.min.js:7
[  454979ms] [ERROR] [Domma Layout] Initialization error: TypeError: Failed to fetch @ http://localhost:3001/layouts/js/layout.js:139
[  455281ms] [WARNING] Icon "alert-triangle" not found @ http://localhost:3001/dist/domma.min.js:7
[  455679ms] [WARNING] Icon "alert" not found @ http://localhost:3001/dist/domma.min.js:7
[  455725ms] [ERROR] Failed to load resource: net::ERR_CONNECTION_REFUSED @ http://localhost:3000/api/analytics/pageview:0
[  455725ms] [ERROR] [Analytics] Error tracking page view: TypeError: Failed to fetch
    at trackPageView (http://localhost:3001/assets/js/analytics.js:60:30)
    at http://localhost:3001/assets/js/analytics.js:80:5
    at http://localhost:3001/assets/js/analytics.js:91:3 @ http://localhost:3001/assets/js/analytics.js:71
[  456495ms] [WARNING] Icon "alert-triangle" not found @ http://localhost:3001/dist/domma.min.js:7
[  456855ms] [WARNING] Icon "alert" not found @ http://localhost:3001/dist/domma.min.js:7
[  456904ms] [ERROR] Failed to load resource: net::ERR_CONNECTION_REFUSED @ http://localhost:3000/api/analytics/pageview:0
[  456905ms] [ERROR] [Analytics] Error tracking page view: TypeError: Failed to fetch
    at trackPageView (http://localhost:3001/assets/js/analytics.js:60:30)
    at http://localhost:3001/assets/js/analytics.js:80:5
    at http://localhost:3001/assets/js/analytics.js:91:3 @ http://localhost:3001/assets/js/analytics.js:71
[  457868ms] [WARNING] Icon "alert-triangle" not found @ http://localhost:3001/dist/domma.min.js:7
[  458374ms] [WARNING] Icon "alert" not found @ http://localhost:3001/dist/domma.min.js:7
[  459107ms] [WARNING] Icon "alert-triangle" not found @ http://localhost:3001/dist/domma.min.js:7
[  459595ms] [WARNING] [SiteSearch] Could not load search index: TypeError: Failed to fetch
    at Object.init (http://localhost:3001/layouts/js/modules/search.js:57:31)
    at renderNavbar (http://localhost:3001/layouts/js/layout.js:965:32)
    at async http://localhost:3001/layouts/js/layout.js:83:13 @ http://localhost:3001/layouts/js/modules/search.js:59
[  460272ms] [WARNING] Icon "alert-triangle" not found @ http://localhost:3001/dist/domma.min.js:7
[  461315ms] [WARNING] Icon "alert" not found @ http://localhost:3001/dist/domma.min.js:7
[  461430ms] [ERROR] Failed to load resource: net::ERR_CONNECTION_REFUSED @ http://localhost:3000/api/analytics/pageview:0
[  461430ms] [ERROR] [Analytics] Error tracking page view: TypeError: Failed to fetch
    at trackPageView (http://localhost:3001/assets/js/analytics.js:60:30)
    at http://localhost:3001/assets/js/analytics.js:80:5
    at http://localhost:3001/assets/js/analytics.js:91:3 @ http://localhost:3001/assets/js/analytics.js:71
[  465369ms] [WARNING] Icon "alert-triangle" not found @ http://localhost:3001/dist/domma.min.js:7
[  465833ms] [WARNING] Icon "alert" not found @ http://localhost:3001/dist/domma.min.js:7
[  465865ms] [ERROR] Failed to load resource: net::ERR_CONNECTION_REFUSED @ http://localhost:3000/api/analytics/pageview:0
[  465866ms] [ERROR] [Analytics] Error tracking page view: TypeError: Failed to fetch
    at trackPageView (http://localhost:3001/assets/js/analytics.js:60:30)
    at http://localhost:3001/assets/js/analytics.js:80:5
    at http://localhost:3001/assets/js/analytics.js:91:3 @ http://localhost:3001/assets/js/analytics.js:71
[  466823ms] [WARNING] Icon "alert-triangle" not found @ http://localhost:3001/dist/domma.min.js:7
[  467198ms] [WARNING] Icon "alert" not found @ http://localhost:3001/dist/domma.min.js:7
[  467234ms] [ERROR] Failed to load resource: net::ERR_CONNECTION_REFUSED @ http://localhost:3000/api/analytics/pageview:0
[  467236ms] [ERROR] [Analytics] Error tracking page view: TypeError: Failed to fetch
    at trackPageView (http://localhost:3001/assets/js/analytics.js:60:30)
    at http://localhost:3001/assets/js/analytics.js:80:5
    at http://localhost:3001/assets/js/analytics.js:91:3 @ http://localhost:3001/assets/js/analytics.js:71
[  467467ms] [WARNING] Icon "alert-triangle" not found @ http://localhost:3001/dist/domma.min.js:7
[  467813ms] [WARNING] [Domma Layout] Failed to load prependNav config: nav-elements TypeError: Failed to fetch
    at Object.loadPrependNav (http://localhost:3001/layouts/js/modules/sidebar.js:134:36)
    at Object.init (http://localhost:3001/layouts/js/modules/sidebar.js:21:43)
    at http://localhost:3001/layouts/js/layout.js:116:33 @ http://localhost:3001/layouts/js/modules/sidebar.js:159
[  467892ms] [WARNING] Icon "alert" not found @ http://localhost:3001/dist/domma.min.js:7
[  468227ms] [WARNING] Icon "alert-triangle" not found @ http://localhost:3001/dist/domma.min.js:7
[  468660ms] [WARNING] Icon "alert" not found @ http://localhost:3001/dist/domma.min.js:7
[  468703ms] [ERROR] Failed to load resource: net::ERR_CONNECTION_REFUSED @ http://localhost:3000/api/analytics/pageview:0
[  468703ms] [ERROR] [Analytics] Error tracking page view: TypeError: Failed to fetch
    at trackPageView (http://localhost:3001/assets/js/analytics.js:60:30)
    at http://localhost:3001/assets/js/analytics.js:80:5
    at http://localhost:3001/assets/js/analytics.js:91:3 @ http://localhost:3001/assets/js/analytics.js:71
