[     293ms] [WARNING] Icon "alert-triangle" not found @ http://localhost:3001/dist/domma.min.js:7
[    1134ms] [WARNING] Icon "alert" not found @ http://localhost:3001/dist/domma.min.js:7
[    1159ms] [ERROR] Failed to load resource: net::ERR_CONNECTION_REFUSED @ http://localhost:3000/api/analytics/pageview:0
[    1160ms] [ERROR] [Analytics] Error tracking page view: TypeError: Failed to fetch
    at trackPageView (http://localhost:3001/assets/js/analytics.js:60:30)
    at http://localhost:3001/assets/js/analytics.js:80:5
    at http://localhost:3001/assets/js/analytics.js:91:3 @ http://localhost:3001/assets/js/analytics.js:71
[   60448ms] [WARNING] Icon "alert-triangle" not found @ http://localhost:3001/dist/domma.min.js:7
[   60889ms] [WARNING] Icon "alert" not found @ http://localhost:3001/dist/domma.min.js:7
[   60920ms] [ERROR] Failed to load resource: net::ERR_CONNECTION_REFUSED @ http://localhost:3000/api/analytics/pageview:0
[   60920ms] [ERROR] [Analytics] Error tracking page view: TypeError: Failed to fetch
    at trackPageView (http://localhost:3001/assets/js/analytics.js:60:30)
    at http://localhost:3001/assets/js/analytics.js:80:5
    at http://localhost:3001/assets/js/analytics.js:91:3 @ http://localhost:3001/assets/js/analytics.js:71
[   63007ms] [WARNING] Icon "alert-triangle" not found @ http://localhost:3001/dist/domma.min.js:7
[   63352ms] [WARNING] Icon "alert" not found @ http://localhost:3001/dist/domma.min.js:7
[   63387ms] [ERROR] Failed to load resource: net::ERR_CONNECTION_REFUSED @ http://localhost:3000/api/analytics/pageview:0
[   63387ms] [ERROR] [Analytics] Error tracking page view: TypeError: Failed to fetch
    at trackPageView (http://localhost:3001/assets/js/analytics.js:60:30)
    at http://localhost:3001/assets/js/analytics.js:80:5
    at http://localhost:3001/assets/js/analytics.js:91:3 @ http://localhost:3001/assets/js/analytics.js:71
[   63605ms] [WARNING] Icon "alert-triangle" not found @ http://localhost:3001/dist/domma.min.js:7
[   63825ms] [ERROR] Failed to load template navbar: TypeError: Failed to fetch
    at Object.load (http://localhost:3001/layouts/js/modules/template-loader.js:29:36)
    at renderNavbar (http://localhost:3001/layouts/js/layout.js:798:55)
    at http://localhost:3001/layouts/js/layout.js:83:19 @ http://localhost:3001/layouts/js/modules/template-loader.js:42
[   63827ms] [ERROR] [Domma Layout] Navbar render failed: TypeError: Failed to execute 'insertBefore' on 'Node': parameter 1 is not of type 'Node'.
    at renderNavbar (http://localhost:3001/layouts/js/layout.js:805:22)
    at async http://localhost:3001/layouts/js/layout.js:83:13 @ http://localhost:3001/layouts/js/layout.js:981
[   63986ms] [WARNING] Icon "alert-triangle" not found @ http://localhost:3001/dist/domma.min.js:7
[   64494ms] [WARNING] Icon "alert" not found @ http://localhost:3001/dist/domma.min.js:7
[   64534ms] [ERROR] Failed to load resource: net::ERR_CONNECTION_REFUSED @ http://localhost:3000/api/analytics/pageview:0
[   64535ms] [ERROR] [Analytics] Error tracking page view: TypeError: Failed to fetch
    at trackPageView (http://localhost:3001/assets/js/analytics.js:60:30)
    at http://localhost:3001/assets/js/analytics.js:80:5
    at http://localhost:3001/assets/js/analytics.js:91:3 @ http://localhost:3001/assets/js/analytics.js:71
[   66854ms] [WARNING] Icon "alert-triangle" not found @ http://localhost:3001/dist/domma.min.js:7
[   67412ms] [WARNING] Icon "alert" not found @ http://localhost:3001/dist/domma.min.js:7
[   67438ms] [ERROR] Failed to load resource: net::ERR_CONNECTION_REFUSED @ http://localhost:3000/api/analytics/pageview:0
[   67438ms] [ERROR] [Analytics] Error tracking page view: TypeError: Failed to fetch
    at trackPageView (http://localhost:3001/assets/js/analytics.js:60:30)
    at http://localhost:3001/assets/js/analytics.js:80:5
    at http://localhost:3001/assets/js/analytics.js:91:3 @ http://localhost:3001/assets/js/analytics.js:71
[   70191ms] [WARNING] Icon "alert-triangle" not found @ http://localhost:3001/dist/domma.min.js:7
[   70629ms] [WARNING] Icon "alert" not found @ http://localhost:3001/dist/domma.min.js:7
[   70664ms] [ERROR] Failed to load resource: net::ERR_CONNECTION_REFUSED @ http://localhost:3000/api/analytics/pageview:0
[   70664ms] [ERROR] [Analytics] Error tracking page view: TypeError: Failed to fetch
    at trackPageView (http://localhost:3001/assets/js/analytics.js:60:30)
    at http://localhost:3001/assets/js/analytics.js:80:5
    at http://localhost:3001/assets/js/analytics.js:91:3 @ http://localhost:3001/assets/js/analytics.js:71
[   72424ms] [WARNING] Icon "alert-triangle" not found @ http://localhost:3001/dist/domma.min.js:7
[   72951ms] [WARNING] Icon "alert" not found @ http://localhost:3001/dist/domma.min.js:7
[   72994ms] [ERROR] Failed to load resource: net::ERR_CONNECTION_REFUSED @ http://localhost:3000/api/analytics/pageview:0
[   72995ms] [ERROR] [Analytics] Error tracking page view: TypeError: Failed to fetch
    at trackPageView (http://localhost:3001/assets/js/analytics.js:60:30)
    at http://localhost:3001/assets/js/analytics.js:80:5
    at http://localhost:3001/assets/js/analytics.js:91:3 @ http://localhost:3001/assets/js/analytics.js:71
[   74078ms] [WARNING] Icon "alert-triangle" not found @ http://localhost:3001/dist/domma.min.js:7
[   74430ms] [WARNING] Icon "alert" not found @ http://localhost:3001/dist/domma.min.js:7
[   74467ms] [ERROR] Failed to load resource: net::ERR_CONNECTION_REFUSED @ http://localhost:3000/api/analytics/pageview:0
[   74467ms] [ERROR] [Analytics] Error tracking page view: TypeError: Failed to fetch
    at trackPageView (http://localhost:3001/assets/js/analytics.js:60:30)
    at http://localhost:3001/assets/js/analytics.js:80:5
    at http://localhost:3001/assets/js/analytics.js:91:3 @ http://localhost:3001/assets/js/analytics.js:71
[   74628ms] [WARNING] Icon "alert-triangle" not found @ http://localhost:3001/dist/domma.min.js:7
[   76286ms] [WARNING] Icon "alert" not found @ http://localhost:3001/dist/domma.min.js:7
[   76362ms] [ERROR] Failed to load resource: net::ERR_CONNECTION_REFUSED @ http://localhost:3000/api/analytics/pageview:0
[   76362ms] [ERROR] [Analytics] Error tracking page view: TypeError: Failed to fetch
    at trackPageView (http://localhost:3001/assets/js/analytics.js:60:30)
    at http://localhost:3001/assets/js/analytics.js:80:5
    at http://localhost:3001/assets/js/analytics.js:91:3 @ http://localhost:3001/assets/js/analytics.js:71
[   76697ms] [WARNING] Icon "alert-triangle" not found @ http://localhost:3001/dist/domma.min.js:7
[   76877ms] [ERROR] Failed to load template navbar: TypeError: Failed to fetch
    at Object.load (http://localhost:3001/layouts/js/modules/template-loader.js:29:36)
    at renderNavbar (http://localhost:3001/layouts/js/layout.js:798:55)
    at http://localhost:3001/layouts/js/layout.js:83:19 @ http://localhost:3001/layouts/js/modules/template-loader.js:42
[   76878ms] [ERROR] [Domma Layout] Navbar render failed: TypeError: Failed to execute 'insertBefore' on 'Node': parameter 1 is not of type 'Node'.
    at renderNavbar (http://localhost:3001/layouts/js/layout.js:805:22)
    at async http://localhost:3001/layouts/js/layout.js:83:13 @ http://localhost:3001/layouts/js/layout.js:981
[   77103ms] [WARNING] Icon "alert-triangle" not found @ http://localhost:3001/dist/domma.min.js:7
[   77540ms] [WARNING] Icon "alert" not found @ http://localhost:3001/dist/domma.min.js:7
[   77568ms] [ERROR] Failed to load resource: net::ERR_CONNECTION_REFUSED @ http://localhost:3000/api/analytics/pageview:0
[   77568ms] [ERROR] [Analytics] Error tracking page view: TypeError: Failed to fetch
    at trackPageView (http://localhost:3001/assets/js/analytics.js:60:30)
    at http://localhost:3001/assets/js/analytics.js:80:5
    at http://localhost:3001/assets/js/analytics.js:91:3 @ http://localhost:3001/assets/js/analytics.js:71
[   79486ms] [WARNING] Icon "alert-triangle" not found @ http://localhost:3001/dist/domma.min.js:7
[   79896ms] [WARNING] Icon "alert" not found @ http://localhost:3001/dist/domma.min.js:7
[   79939ms] [ERROR] Failed to load resource: net::ERR_CONNECTION_REFUSED @ http://localhost:3000/api/analytics/pageview:0
[   79939ms] [ERROR] [Analytics] Error tracking page view: TypeError: Failed to fetch
    at trackPageView (http://localhost:3001/assets/js/analytics.js:60:30)
    at http://localhost:3001/assets/js/analytics.js:80:5
    at http://localhost:3001/assets/js/analytics.js:91:3 @ http://localhost:3001/assets/js/analytics.js:71
[   82281ms] [WARNING] Icon "alert-triangle" not found @ http://localhost:3001/dist/domma.min.js:7
[   83284ms] [ERROR] [Domma Layout] Footer render failed: TypeError: Failed to fetch
    at renderFooter (http://localhost:3001/layouts/js/layout.js:1082:36)
    at http://localhost:3001/layouts/js/layout.js:108:19 @ http://localhost:3001/layouts/js/layout.js:1153
[   84351ms] [WARNING] Icon "alert-triangle" not found @ http://localhost:3001/dist/domma.min.js:7
[   85693ms] [WARNING] Icon "alert-triangle" not found @ http://localhost:3001/dist/domma.min.js:7
[   86619ms] [WARNING] Icon "alert" not found @ http://localhost:3001/dist/domma.min.js:7
[   86697ms] [ERROR] Failed to load resource: net::ERR_CONNECTION_REFUSED @ http://localhost:3000/api/analytics/pageview:0
[   86697ms] [ERROR] [Analytics] Error tracking page view: TypeError: Failed to fetch
    at trackPageView (http://localhost:3001/assets/js/analytics.js:60:30)
    at http://localhost:3001/assets/js/analytics.js:80:5
    at http://localhost:3001/assets/js/analytics.js:91:3 @ http://localhost:3001/assets/js/analytics.js:71
[   88438ms] [WARNING] Icon "alert-triangle" not found @ http://localhost:3001/dist/domma.min.js:7
[   88916ms] [WARNING] Icon "alert" not found @ http://localhost:3001/dist/domma.min.js:7
[   88964ms] [ERROR] Failed to load resource: net::ERR_CONNECTION_REFUSED @ http://localhost:3000/api/analytics/pageview:0
[   88965ms] [ERROR] [Analytics] Error tracking page view: TypeError: Failed to fetch
    at trackPageView (http://localhost:3001/assets/js/analytics.js:60:30)
    at http://localhost:3001/assets/js/analytics.js:80:5
    at http://localhost:3001/assets/js/analytics.js:91:3 @ http://localhost:3001/assets/js/analytics.js:71
[   89872ms] [WARNING] Icon "alert-triangle" not found @ http://localhost:3001/dist/domma.min.js:7
[   90304ms] [WARNING] Icon "alert" not found @ http://localhost:3001/dist/domma.min.js:7
[   90388ms] [ERROR] Failed to load resource: net::ERR_CONNECTION_REFUSED @ http://localhost:3000/api/analytics/pageview:0
[   90388ms] [ERROR] [Analytics] Error tracking page view: TypeError: Failed to fetch
    at trackPageView (http://localhost:3001/assets/js/analytics.js:60:30)
    at http://localhost:3001/assets/js/analytics.js:80:5
    at http://localhost:3001/assets/js/analytics.js:91:3 @ http://localhost:3001/assets/js/analytics.js:71
[   90678ms] [WARNING] Icon "alert-triangle" not found @ http://localhost:3001/dist/domma.min.js:7
[   90928ms] [ERROR] [Domma Layout] Footer render failed: TypeError: Failed to fetch
    at renderFooter (http://localhost:3001/layouts/js/layout.js:1082:36)
    at http://localhost:3001/layouts/js/layout.js:108:19 @ http://localhost:3001/layouts/js/layout.js:1153
[   91244ms] [WARNING] Icon "alert-triangle" not found @ http://localhost:3001/dist/domma.min.js:7
[   91661ms] [WARNING] Icon "alert" not found @ http://localhost:3001/dist/domma.min.js:7
[   91689ms] [ERROR] Failed to load resource: net::ERR_CONNECTION_REFUSED @ http://localhost:3000/api/analytics/pageview:0
[   91689ms] [ERROR] [Analytics] Error tracking page view: TypeError: Failed to fetch
    at trackPageView (http://localhost:3001/assets/js/analytics.js:60:30)
    at http://localhost:3001/assets/js/analytics.js:80:5
    at http://localhost:3001/assets/js/analytics.js:91:3 @ http://localhost:3001/assets/js/analytics.js:71
