[     215ms] [WARNING] Icon "alert-triangle" not found @ http://localhost:3001/dist/domma.min.js:7
[    1665ms] [WARNING] Icon "alert" not found @ http://localhost:3001/dist/domma.min.js:7
[    1730ms] [ERROR] Failed to load resource: net::ERR_CONNECTION_REFUSED @ http://localhost:3000/api/analytics/pageview:0
[    1730ms] [ERROR] [Analytics] Error tracking page view: TypeError: Failed to fetch
    at trackPageView (http://localhost:3001/assets/js/analytics.js:60:30)
    at http://localhost:3001/assets/js/analytics.js:80:5
    at http://localhost:3001/assets/js/analytics.js:91:3 @ http://localhost:3001/assets/js/analytics.js:71
[  325084ms] [WARNING] Icon "alert-triangle" not found @ http://localhost:3001/dist/domma.min.js:7
[  325618ms] [WARNING] Icon "alert" not found @ http://localhost:3001/dist/domma.min.js:7
[  325657ms] [ERROR] Failed to load resource: net::ERR_CONNECTION_REFUSED @ http://localhost:3000/api/analytics/pageview:0
[  325658ms] [ERROR] [Analytics] Error tracking page view: TypeError: Failed to fetch
    at trackPageView (http://localhost:3001/assets/js/analytics.js:60:30)
    at http://localhost:3001/assets/js/analytics.js:80:5
    at http://localhost:3001/assets/js/analytics.js:91:3 @ http://localhost:3001/assets/js/analytics.js:71
[  326938ms] [WARNING] Icon "alert-triangle" not found @ http://localhost:3001/dist/domma.min.js:7
[  327302ms] [WARNING] Icon "alert" not found @ http://localhost:3001/dist/domma.min.js:7
[  327341ms] [ERROR] Failed to load resource: net::ERR_CONNECTION_REFUSED @ http://localhost:3000/api/analytics/pageview:0
[  327341ms] [ERROR] [Analytics] Error tracking page view: TypeError: Failed to fetch
    at trackPageView (http://localhost:3001/assets/js/analytics.js:60:30)
    at http://localhost:3001/assets/js/analytics.js:80:5
    at http://localhost:3001/assets/js/analytics.js:91:3 @ http://localhost:3001/assets/js/analytics.js:71
[  327713ms] [WARNING] Icon "alert-triangle" not found @ http://localhost:3001/dist/domma.min.js:7
[  328037ms] [WARNING] Icon "alert" not found @ http://localhost:3001/dist/domma.min.js:7
[  328067ms] [ERROR] Failed to load resource: net::ERR_CONNECTION_REFUSED @ http://localhost:3000/api/analytics/pageview:0
[  328068ms] [ERROR] [Analytics] Error tracking page view: TypeError: Failed to fetch
    at trackPageView (http://localhost:3001/assets/js/analytics.js:60:30)
    at http://localhost:3001/assets/js/analytics.js:80:5
    at http://localhost:3001/assets/js/analytics.js:91:3 @ http://localhost:3001/assets/js/analytics.js:71
[  329186ms] [WARNING] Icon "alert-triangle" not found @ http://localhost:3001/dist/domma.min.js:7
[  329517ms] [WARNING] Icon "alert" not found @ http://localhost:3001/dist/domma.min.js:7
[  329546ms] [ERROR] Failed to load resource: net::ERR_CONNECTION_REFUSED @ http://localhost:3000/api/analytics/pageview:0
[  329546ms] [ERROR] [Analytics] Error tracking page view: TypeError: Failed to fetch
    at trackPageView (http://localhost:3001/assets/js/analytics.js:60:30)
    at http://localhost:3001/assets/js/analytics.js:80:5
    at http://localhost:3001/assets/js/analytics.js:91:3 @ http://localhost:3001/assets/js/analytics.js:71
[  331905ms] [WARNING] Icon "alert-triangle" not found @ http://localhost:3001/dist/domma.min.js:7
[  332385ms] [WARNING] Icon "alert" not found @ http://localhost:3001/dist/domma.min.js:7
[  332426ms] [ERROR] Failed to load resource: net::ERR_CONNECTION_REFUSED @ http://localhost:3000/api/analytics/pageview:0
[  332426ms] [ERROR] [Analytics] Error tracking page view: TypeError: Failed to fetch
    at trackPageView (http://localhost:3001/assets/js/analytics.js:60:30)
    at http://localhost:3001/assets/js/analytics.js:80:5
    at http://localhost:3001/assets/js/analytics.js:91:3 @ http://localhost:3001/assets/js/analytics.js:71
[  333277ms] [WARNING] Icon "alert-triangle" not found @ http://localhost:3001/dist/domma.min.js:7
[  333695ms] [WARNING] Icon "alert" not found @ http://localhost:3001/dist/domma.min.js:7
[  333737ms] [ERROR] Failed to load resource: net::ERR_CONNECTION_REFUSED @ http://localhost:3000/api/analytics/pageview:0
[  333737ms] [ERROR] [Analytics] Error tracking page view: TypeError: Failed to fetch
    at trackPageView (http://localhost:3001/assets/js/analytics.js:60:30)
    at http://localhost:3001/assets/js/analytics.js:80:5
    at http://localhost:3001/assets/js/analytics.js:91:3 @ http://localhost:3001/assets/js/analytics.js:71
[  334361ms] [WARNING] Icon "alert-triangle" not found @ http://localhost:3001/dist/domma.min.js:7
[  334749ms] [WARNING] Icon "alert" not found @ http://localhost:3001/dist/domma.min.js:7
[  334780ms] [ERROR] Failed to load resource: net::ERR_CONNECTION_REFUSED @ http://localhost:3000/api/analytics/pageview:0
[  334780ms] [ERROR] [Analytics] Error tracking page view: TypeError: Failed to fetch
    at trackPageView (http://localhost:3001/assets/js/analytics.js:60:30)
    at http://localhost:3001/assets/js/analytics.js:80:5
    at http://localhost:3001/assets/js/analytics.js:91:3 @ http://localhost:3001/assets/js/analytics.js:71
[  335018ms] [WARNING] Icon "alert-triangle" not found @ http://localhost:3001/dist/domma.min.js:7
[  335316ms] [WARNING] Icon "alert" not found @ http://localhost:3001/dist/domma.min.js:7
[  335338ms] [ERROR] Failed to load resource: net::ERR_CONNECTION_REFUSED @ http://localhost:3000/api/analytics/pageview:0
[  335339ms] [ERROR] [Analytics] Error tracking page view: TypeError: Failed to fetch
    at trackPageView (http://localhost:3001/assets/js/analytics.js:60:30)
    at http://localhost:3001/assets/js/analytics.js:80:5
    at http://localhost:3001/assets/js/analytics.js:91:3 @ http://localhost:3001/assets/js/analytics.js:71
[  336564ms] [WARNING] Icon "alert-triangle" not found @ http://localhost:3001/dist/domma.min.js:7
[  336698ms] [ERROR] Failed to load template navbar: TypeError: Failed to fetch
    at Object.load (http://localhost:3001/layouts/js/modules/template-loader.js:29:36)
    at renderNavbar (http://localhost:3001/layouts/js/layout.js:798:55)
    at http://localhost:3001/layouts/js/layout.js:83:19 @ http://localhost:3001/layouts/js/modules/template-loader.js:42
[  336699ms] [ERROR] [Domma Layout] Navbar render failed: TypeError: Failed to execute 'insertBefore' on 'Node': parameter 1 is not of type 'Node'.
    at renderNavbar (http://localhost:3001/layouts/js/layout.js:805:22)
    at async http://localhost:3001/layouts/js/layout.js:83:13 @ http://localhost:3001/layouts/js/layout.js:981
[  336939ms] [WARNING] Icon "alert-triangle" not found @ http://localhost:3001/dist/domma.min.js:7
[  337288ms] [WARNING] Icon "alert" not found @ http://localhost:3001/dist/domma.min.js:7
[  337345ms] [ERROR] Failed to load resource: net::ERR_CONNECTION_REFUSED @ http://localhost:3000/api/analytics/pageview:0
[  337345ms] [ERROR] [Analytics] Error tracking page view: TypeError: Failed to fetch
    at trackPageView (http://localhost:3001/assets/js/analytics.js:60:30)
    at http://localhost:3001/assets/js/analytics.js:80:5
    at http://localhost:3001/assets/js/analytics.js:91:3 @ http://localhost:3001/assets/js/analytics.js:71
[  338457ms] [WARNING] Icon "alert-triangle" not found @ http://localhost:3001/dist/domma.min.js:7
[  338786ms] [WARNING] Icon "alert" not found @ http://localhost:3001/dist/domma.min.js:7
[  338813ms] [ERROR] Failed to load resource: net::ERR_CONNECTION_REFUSED @ http://localhost:3000/api/analytics/pageview:0
[  338813ms] [ERROR] [Analytics] Error tracking page view: TypeError: Failed to fetch
    at trackPageView (http://localhost:3001/assets/js/analytics.js:60:30)
    at http://localhost:3001/assets/js/analytics.js:80:5
    at http://localhost:3001/assets/js/analytics.js:91:3 @ http://localhost:3001/assets/js/analytics.js:71
